[120, 120, 1, 1, 0, -5, -14, 55, 3, 15, 16, 4, 0, 124, 0]
